// Jest Snapshot v1, https://goo.gl/fbAQLP

exports[`OuiTextArea is rendered 1`] = `
<textarea
  aria-label="aria-label"
  class="ouiTextArea ouiTextArea--resizeVertical testClass1 testClass2"
  data-test-subj="test subject string"
  rows="6"
/>
`;
