// Jest Snapshot v1, https://goo.gl/fbAQLP

exports[`OuiDragDropContext is rendered 1`] = `<div />`;
