// Jest Snapshot v1, https://goo.gl/fbAQLP

exports[`OuiTableSortMobileItem is rendered 1`] = `
<button
  aria-label="aria-label"
  class="ouiContextMenuItem ouiTableSortMobileItem testClass1 testClass2"
  data-test-subj="test subject string"
  type="button"
>
  <span
    class="ouiContextMenu__itemLayout"
  >
    <span
      class="ouiContextMenu__icon"
      color="inherit"
      data-ouiicon-type="empty"
    />
    <span
      class="ouiContextMenuItem__text"
    />
  </span>
</button>
`;
