// Jest Snapshot v1, https://goo.gl/fbAQLP

exports[`OuiMark is rendered 1`] = `
<mark
  class="ouiMark"
>
  Marked
</mark>
`;
