// Jest Snapshot v1, https://goo.gl/fbAQLP

exports[`OuiFlyoutBody is rendered 1`] = `
<div
  aria-label="aria-label"
  class="ouiFlyoutBody testClass1 testClass2"
  data-test-subj="test subject string"
>
  <div
    class="ouiFlyoutBody__overflow"
    tabindex="0"
  >
    <div
      class="ouiFlyoutBody__overflowContent"
    />
  </div>
</div>
`;
