// Jest Snapshot v1, https://goo.gl/fbAQLP

exports[`OuiFormHelpText is rendered 1`] = `
<div
  aria-label="aria-label"
  class="ouiFormHelpText testClass1 testClass2"
  data-test-subj="test subject string"
>
  This is help text.
</div>
`;
