// Jest Snapshot v1, https://goo.gl/fbAQLP

exports[`OuiHorizontalRule is rendered 1`] = `
<hr
  aria-label="aria-label"
  class="ouiHorizontalRule ouiHorizontalRule--full ouiHorizontalRule--marginLarge testClass1 testClass2"
  data-test-subj="test subject string"
/>
`;
