// Jest Snapshot v1, https://goo.gl/fbAQLP

exports[`OuiFormErrorText is rendered 1`] = `
<div
  aria-label="aria-label"
  aria-live="polite"
  class="ouiFormErrorText testClass1 testClass2"
  data-test-subj="test subject string"
>
  This is an error.
</div>
`;
