// Jest Snapshot v1, https://goo.gl/fbAQLP

exports[`OuiValidatableControl is rendered 1`] = `<input />`;
