// Jest Snapshot v1, https://goo.gl/fbAQLP

exports[`OuiDescriptionListDescription is rendered 1`] = `
<dd
  aria-label="aria-label"
  class="ouiDescriptionList__description testClass1 testClass2"
  data-test-subj="test subject string"
>
  Content
</dd>
`;
